// Vitest Snapshot v1

exports[`generateNormalizedMetadata > should generate the necessary metadata 1`] = `
{
  "fields": [
    {
      "args": {
        "$first": "first",
      },
      "fields": [
        {
          "cacheKey": "Post:id",
          "fields": [
            "id",
            {
              "cacheKey": "User:id",
              "fields": [
                "id",
              ],
              "name": "author",
            },
          ],
          "list": 1,
          "name": "nodes",
        },
        {
          "cacheKey": "QueryPostsConnectionEdge:cursor",
          "fields": [
            {
              "cacheKey": "Post:id",
              "fields": [
                "id",
                {
                  "cacheKey": "User:id",
                  "fields": [
                    "id",
                  ],
                  "name": "author",
                },
              ],
              "name": "node",
            },
          ],
          "list": 1,
          "name": "edges",
        },
      ],
      "name": "posts",
    },
    {
      "alias": "first10Posts",
      "args": "{\\"first\\":\\"10\\"}",
      "fields": [
        {
          "cacheKey": "Post:id",
          "fields": [
            "id",
          ],
          "list": 1,
          "name": "nodes",
        },
      ],
      "name": "posts",
    },
    {
      "alias": "currentNode",
      "args": {
        "$nodeId": "id",
      },
      "name": "node",
      "possible": {
        "Post": {
          "cacheKey": "Post:id",
          "fields": [
            "id",
          ],
        },
        "User": {
          "cacheKey": "User:id",
          "fields": [
            "__typename",
            "name",
          ],
        },
      },
    },
    {
      "args": "{\\"first\\":\\"10\\"}",
      "fields": [
        {
          "list": 1,
          "name": "nodes",
          "possible": {
            "Blog": {
              "cacheKey": "Blog:id",
              "fields": [
                "id",
                "name",
              ],
            },
            "Post": {
              "cacheKey": "Post:id",
              "fields": [
                "__typename",
                "id",
              ],
            },
          },
        },
      ],
      "name": "homeItems",
    },
    "num",
  ],
  "operation": "query",
  "variables": [
    {
      "defaultValue": "12",
      "name": "first",
    },
    {
      "defaultValue": "\\"\\"",
      "name": "nodeId",
    },
    {
      "defaultValue": "false",
      "name": "hasNode",
    },
  ],
}
`;
