// Vitest Snapshot v1

exports[`generateNormalizedOperation > adds the necessary fields to properly normalize 1`] = `
"query Operation1($first: Int = 12, $nodeId: ID! = \\"\\", $hasNode: Boolean = false) {
  posts(first: $first) {
    nodes {
      __typename
      author {
        __typename
      }
    }
    edges {
      cursor
      __typename
      node {
        __typename
        author {
          __typename
        }
      }
    }
  }
  first10Posts: posts(first: 10) {
    nodes {
      __typename
    }
  }
  currentNode: node(id: $nodeId) @include(if: $hasNode) {
    __typename
    ... on User {
      id
    }
    ... on Post {
      __typename
    }
  }
  homeItems(first: 10) {
    nodes {
      __typename
      ... on Blog {
        __typename
      }
    }
  }
}"
`;
