// Vitest Snapshot v1

exports[`generateNormalizedMetadata > should generate the necessary metadata 1`] = `
{
  "operation": "query",
  "selectionSet": {
    "currentNode": {
      "aliasField": "node",
      "args": {
        "$id": "id",
      },
      "fields": [],
      "possible": [
        "Blog",
        "Comment",
        "Post",
        "User",
      ],
    },
    "currentNode.$type_Post": {
      "fields": [
        "id",
      ],
    },
    "currentNode.$type_User": {
      "fields": [
        "__typename",
        "name",
      ],
    },
    "first10Posts": {
      "aliasField": "posts",
      "args": "{\\"first\\":\\"10\\"}",
      "fields": [
        "nodes",
      ],
    },
    "first10Posts.nodes": {
      "list": true,
    },
    "first10Posts.nodes.$idx": {
      "cacheKey": "Post:id",
      "fields": [
        "id",
      ],
    },
    "homeItems": {
      "args": "{\\"first\\":\\"10\\"}",
      "fields": [
        "nodes",
      ],
    },
    "homeItems.nodes": {
      "list": true,
    },
    "homeItems.nodes.$idx": {
      "fields": [],
      "possible": [
        "Blog",
        "Comment",
        "Post",
        "User",
      ],
    },
    "homeItems.nodes.$idx.$type_Blog": {
      "fields": [
        "id",
        "name",
      ],
    },
    "homeItems.nodes.$idx.$type_Post": {
      "fields": [
        "__typename",
        "id",
      ],
    },
    "posts": {
      "args": {
        "$first": "first",
      },
      "fields": [
        "nodes",
        "edges",
      ],
    },
    "posts.edges": {
      "list": true,
    },
    "posts.edges.$idx": {
      "cacheKey": "QueryPostsConnectionEdge:cursor",
      "fields": [
        "node",
      ],
    },
    "posts.edges.$idx.node": {
      "cacheKey": "Post:id",
      "fields": [
        "id",
        "author",
      ],
    },
    "posts.edges.$idx.node.author": {
      "cacheKey": "User:id",
      "fields": [
        "id",
      ],
    },
    "posts.nodes": {
      "list": true,
    },
    "posts.nodes.$idx": {
      "cacheKey": "Post:id",
      "fields": [
        "id",
        "author",
      ],
    },
    "posts.nodes.$idx.author": {
      "cacheKey": "User:id",
      "fields": [
        "id",
      ],
    },
  },
  "variables": [
    {
      "defaultValue": "12",
      "name": "first",
    },
    {
      "defaultValue": "\\"\\"",
      "name": "nodeId",
    },
    {
      "defaultValue": "false",
      "name": "hasNode",
    },
  ],
}
`;
