// Vitest Snapshot v1

exports[`graphqlNormalize: read > builds a cache of values 1`] = `
{
  "enum": "a",
  "first10Posts": {
    "nodes": [
      {
        "id": "UG9zdDox",
        "title": "Some Blog post 1",
      },
      {
        "id": "UG9zdDoy",
        "title": "Some Blog post 2",
      },
      {
        "id": "UG9zdDoz",
        "title": "Some Blog post 3",
      },
      {
        "id": "UG9zdDo0",
        "title": "Some Blog post 4",
      },
      {
        "id": "UG9zdDo1",
        "title": "Some Blog post 5",
      },
      {
        "id": "UG9zdDo2",
        "title": "Some Blog post 6",
      },
      {
        "id": "UG9zdDo3",
        "title": "Some Blog post 7",
      },
      {
        "id": "UG9zdDo4",
        "title": "Some Blog post 8",
      },
      {
        "id": "UG9zdDo5",
        "title": "Some Blog post 9",
      },
      {
        "id": "UG9zdDoxMA==",
        "title": "Some Blog post 10",
      },
    ],
  },
  "homeItems": {
    "nodes": [
      {
        "__typename": "Comment",
      },
      {
        "id": "QmxvZzox",
        "name": "My Cool #1",
      },
      {
        "__typename": "Post",
        "id": "UG9zdDox",
      },
      {
        "__typename": "User",
      },
      {
        "__typename": "Comment",
      },
      {
        "id": "QmxvZzoy",
        "name": "My Cool #2",
      },
      {
        "__typename": "Post",
        "id": "UG9zdDoy",
      },
      {
        "__typename": "User",
      },
      {
        "__typename": "Comment",
      },
      {
        "id": "QmxvZzoz",
        "name": "My Cool #3",
      },
    ],
  },
  "nestedString": [
    [
      "a",
      "b",
    ],
    [
      "foo",
    ],
  ],
  "nestedUserList": [
    [
      {
        "name": "user 1",
      },
    ],
    [
      {
        "name": "user 2",
      },
    ],
  ],
  "num": 1,
  "posts": {
    "edges": [
      {
        "cursor": "T2Zmc2V0Q29ubmVjdGlvbjow",
        "node": {
          "author": {
            "id": "VXNlcjox",
          },
          "id": "UG9zdDox",
        },
      },
      {
        "cursor": "T2Zmc2V0Q29ubmVjdGlvbjox",
        "node": {
          "author": {
            "id": "VXNlcjoy",
          },
          "id": "UG9zdDoy",
        },
      },
      {
        "cursor": "T2Zmc2V0Q29ubmVjdGlvbjoy",
        "node": {
          "author": {
            "id": "VXNlcjox",
          },
          "id": "UG9zdDoz",
        },
      },
      {
        "cursor": "T2Zmc2V0Q29ubmVjdGlvbjoz",
        "node": {
          "author": {
            "id": "VXNlcjoy",
          },
          "id": "UG9zdDo0",
        },
      },
      {
        "cursor": "T2Zmc2V0Q29ubmVjdGlvbjo0",
        "node": {
          "author": {
            "id": "VXNlcjox",
          },
          "id": "UG9zdDo1",
        },
      },
      {
        "cursor": "T2Zmc2V0Q29ubmVjdGlvbjo1",
        "node": {
          "author": {
            "id": "VXNlcjoy",
          },
          "id": "UG9zdDo2",
        },
      },
      {
        "cursor": "T2Zmc2V0Q29ubmVjdGlvbjo2",
        "node": {
          "author": {
            "id": "VXNlcjox",
          },
          "id": "UG9zdDo3",
        },
      },
      {
        "cursor": "T2Zmc2V0Q29ubmVjdGlvbjo3",
        "node": {
          "author": {
            "id": "VXNlcjoy",
          },
          "id": "UG9zdDo4",
        },
      },
      {
        "cursor": "T2Zmc2V0Q29ubmVjdGlvbjo4",
        "node": {
          "author": {
            "id": "VXNlcjox",
          },
          "id": "UG9zdDo5",
        },
      },
      {
        "cursor": "T2Zmc2V0Q29ubmVjdGlvbjo5",
        "node": {
          "author": {
            "id": "VXNlcjoy",
          },
          "id": "UG9zdDoxMA==",
        },
      },
      {
        "cursor": "T2Zmc2V0Q29ubmVjdGlvbjoxMA==",
        "node": {
          "author": {
            "id": "VXNlcjox",
          },
          "id": "UG9zdDoxMQ==",
        },
      },
      {
        "cursor": "T2Zmc2V0Q29ubmVjdGlvbjoxMQ==",
        "node": {
          "author": {
            "id": "VXNlcjoy",
          },
          "id": "UG9zdDoxMg==",
        },
      },
    ],
    "nodes": [
      {
        "author": {
          "id": "VXNlcjox",
        },
        "id": "UG9zdDox",
      },
      {
        "author": {
          "id": "VXNlcjoy",
        },
        "id": "UG9zdDoy",
      },
      {
        "author": {
          "id": "VXNlcjox",
        },
        "id": "UG9zdDoz",
      },
      {
        "author": {
          "id": "VXNlcjoy",
        },
        "id": "UG9zdDo0",
      },
      {
        "author": {
          "id": "VXNlcjox",
        },
        "id": "UG9zdDo1",
      },
      {
        "author": {
          "id": "VXNlcjoy",
        },
        "id": "UG9zdDo2",
      },
      {
        "author": {
          "id": "VXNlcjox",
        },
        "id": "UG9zdDo3",
      },
      {
        "author": {
          "id": "VXNlcjoy",
        },
        "id": "UG9zdDo4",
      },
      {
        "author": {
          "id": "VXNlcjox",
        },
        "id": "UG9zdDo5",
      },
      {
        "author": {
          "id": "VXNlcjoy",
        },
        "id": "UG9zdDoxMA==",
      },
      {
        "author": {
          "id": "VXNlcjox",
        },
        "id": "UG9zdDoxMQ==",
      },
      {
        "author": {
          "id": "VXNlcjoy",
        },
        "id": "UG9zdDoxMg==",
      },
    ],
  },
}
`;
